make[1]: Entering directory '/home/ubuntu/PX4_17/PX4-Autopilot'
[0/1] cd /home/ubuntu/PX4_17/PX4-Autopilot/build/px4_sitl_default/src/modules/simulation/gz_bridge && /usr/bin/cmake -E env PX4_SIM_MODEL=gz_x500 GZ_IP=127.0.0.1 /home/ubuntu/PX4_17/PX4-Autopilot/build/px4_sitl_default/bin/px4

______  __   __    ___ 
| ___ \ \ \ / /   /   |
| |_/ /  \ V /   / /| |
|  __/   /   \  / /_| |
| |     / /^\ \ \___  |
\_|     \/   \/     |_/

px4 starting.

INFO  [px4] startup script: /bin/sh etc/init.d-posix/rcS 0
INFO  [init] found model autostart file as SYS_AUTOSTART=4001
INFO  [param] selected parameter default file parameters.bson
INFO  [param] importing from 'parameters.bson'
INFO  [parameters] BSON document size 985 bytes, decoded 985 bytes (INT32:23, FLOAT:24)
INFO  [param] selected parameter backup file parameters_backup.bson
INFO  [dataman] data manager file './dataman' size is 1208528 bytes
INFO  [init] Gazebo simulator 8.11.0
INFO  [init] Starting gazebo with world: /home/ubuntu/PX4_17/PX4-Autopilot/Tools/simulation/gz/worlds/default.sdf
INFO  [init] Waiting for Gazebo world...
INFO  [init] Gazebo world is ready
INFO  [init] Spawning Gazebo model
[1;33mWarning [Utils.cc:132][0m [/sdf/model[@name="x500_base"]/link[@name="base_link"]/sensor[@name="air_pressure_sensor"]/gz_frame_id:/home/ubuntu/PX4_17/PX4-Autopilot/Tools/simulation/gz/models/x500_base/model.sdf:L219]: XML Element[gz_frame_id], child of element[sensor], not defined in SDF. Copying[gz_frame_id] as children of [sensor].
[1;33mWarning [Utils.cc:132][0m [/sdf/model[@name="x500_base"]/link[@name="base_link"]/sensor[@name="magnetometer_sensor"]/gz_frame_id:/home/ubuntu/PX4_17/PX4-Autopilot/Tools/simulation/gz/models/x500_base/model.sdf:L233]: XML Element[gz_frame_id], child of element[sensor], not defined in SDF. Copying[gz_frame_id] as children of [sensor].
[1;33mWarning [Utils.cc:132][0m [/sdf/model[@name="x500_base"]/link[@name="base_link"]/sensor[@name="imu_sensor"]/gz_frame_id:/home/ubuntu/PX4_17/PX4-Autopilot/Tools/simulation/gz/models/x500_base/model.sdf:L259]: XML Element[gz_frame_id], child of element[sensor], not defined in SDF. Copying[gz_frame_id] as children of [sensor].
[1;33mWarning [Utils.cc:132][0m [/sdf/model[@name="x500_base"]/link[@name="base_link"]/sensor[@name="navsat_sensor"]/gz_frame_id:/home/ubuntu/PX4_17/PX4-Autopilot/Tools/simulation/gz/models/x500_base/model.sdf:L311]: XML Element[gz_frame_id], child of element[sensor], not defined in SDF. Copying[gz_frame_id] as children of [sensor].
INFO  [lockstep_scheduler] setting initial absolute time to 3772000 us
INFO  [gz_bridge] world: default, model: x500_0
INFO  [commander] LED: open /dev/led0 failed (22)
WARN  [health_and_arming_checks] Preflight Fail: ekf2 missing data
WARN  [health_and_arming_checks] Preflight Fail: system power unavailable
WARN  [health_and_arming_checks] Preflight Fail: No connection to the GCS
INFO  [tone_alarm] home set
ERROR [sensors] Accel #0 fail:  TIMEOUT!	
ERROR [FlightTaskTransition] wrong type passed to param_get() for param (null)
ERROR [parameters] get: param 65535 invalid
ERROR [FlightTaskTransition] wrong type passed to param_get() for param (null)
ERROR [parameters] get: param 65535 invalid
INFO  [uxrce_dds_client] init UDP agent IP:127.0.0.1, port:8888
INFO  [mavlink] mode: Normal, data rate: 4000000 B/s on udp port 18570 remote port 14550
INFO  [mavlink] mode: Onboard, data rate: 4000000 B/s on udp port 14580 remote port 14540
INFO  [mavlink] mode: Onboard, data rate: 4000 B/s on udp port 14280 remote port 14030
INFO  [mavlink] mode: Gimbal, data rate: 400000 B/s on udp port 13030 remote port 13280
INFO  [logger] logger started (mode=all)
INFO  [logger] Start file log (type: full)
INFO  [logger] [logger] ./log/2026-09-17/11_05_59.ulg	
INFO  [logger] Opened full log file: ./log/2026-09-17/11_05_59.ulg
INFO  [mavlink] MAVLink only on localhost (set param MAV_{i}_BROADCAST = 1 to enable network)
INFO  [mavlink] MAVLink only on localhost (set param MAV_{i}_BROADCAST = 1 to enable network)
INFO  [px4] Startup script returned successfully
pxh> INFO  [mavlink] partner IP: 127.0.0.1
ERROR [mavlink] vehicle_command_ack lost, generation 8 -> 10
ERROR [mavlink] vehicle_command_ack lost, generation 8 -> 10
ERROR [mavlink] vehicle_command_ack lost, generation 8 -> 11
ERROR [mavlink] vehicle_command_ack lost, generation 12 -> 17
ERROR [mavlink] vehicle_command_ack lost, generation 14 -> 17
ERROR [mavlink] vehicle_command_ack lost, generation 15 -> 17
ERROR [mavlink] vehicle_command_ack lost, generation 14 -> 18
ERROR [mavlink] vehicle_command_ack lost, generation 20 -> 23
ERROR [mavlink] vehicle_command_ack lost, generation 20 -> 23
ERROR [mavlink] vehicle_command_ack lost, generation 20 -> 23
INFO  [commander] [32mReady for takeoff![0m
INFO  [uxrce_dds_client] synchronized with time offset 1789643154809276us
INFO  [uxrce_dds_client] successfully created rt/fmu/out/register_ext_component_reply data writer, topic id: 205
INFO  [uxrce_dds_client] successfully created rt/fmu/out/arming_check_request_v1 data writer, topic id: 16
INFO  [uxrce_dds_client] successfully created rt/fmu/out/mode_completed data writer, topic id: 157
INFO  [uxrce_dds_client] successfully created rt/fmu/out/battery_status_v1 data writer, topic id: 20
INFO  [uxrce_dds_client] successfully created rt/fmu/out/collision_constraints data writer, topic id: 27
INFO  [uxrce_dds_client] successfully created rt/fmu/out/estimator_status_flags data writer, topic id: 85
INFO  [uxrce_dds_client] successfully created rt/fmu/out/failsafe_flags data writer, topic id: 91
INFO  [uxrce_dds_client] successfully created rt/fmu/out/manual_control_setpoint data writer, topic id: 148
INFO  [uxrce_dds_client] successfully created rt/fmu/out/message_format_response data writer, topic id: 154
INFO  [uxrce_dds_client] successfully created rt/fmu/out/position_setpoint_triplet data writer, topic id: 192
INFO  [uxrce_dds_client] successfully created rt/fmu/out/sensor_combined data writer, topic id: 225
INFO  [uxrce_dds_client] successfully created rt/fmu/out/timesync_status data writer, topic id: 249
INFO  [uxrce_dds_client] successfully created rt/fmu/out/transponder_report data writer, topic id: 252
INFO  [uxrce_dds_client] successfully created rt/fmu/out/vehicle_angular_velocity data writer, topic id: 262
INFO  [uxrce_dds_client] successfully created rt/fmu/out/vehicle_land_detected data writer, topic id: 277
INFO  [uxrce_dds_client] successfully created rt/fmu/out/vehicle_attitude data writer, topic id: 264
INFO  [uxrce_dds_client] successfully created rt/fmu/out/vehicle_attitude_setpoint_v1 data writer, topic id: 266
INFO  [uxrce_dds_client] successfully created rt/fmu/out/vehicle_control_mode data writer, topic id: 271
INFO  [uxrce_dds_client] successfully created rt/fmu/out/control_allocator_status data writer, topic id: 31
INFO  [uxrce_dds_client] successfully created rt/fmu/out/vehicle_thrust_setpoint data writer, topic id: 289
INFO  [uxrce_dds_client] successfully created rt/fmu/out/hover_thrust_estimate data writer, topic id: 129
INFO  [uxrce_dds_client] successfully created rt/fmu/out/vehicle_torque_setpoint data writer, topic id: 292
INFO  [uxrce_dds_client] successfully created rt/fmu/out/actuator_motors data writer, topic id: 4
INFO  [uxrce_dds_client] successfully created rt/fmu/out/vehicle_command_ack data writer, topic id: 268
INFO  [uxrce_dds_client] successfully created rt/fmu/out/vehicle_global_position data writer, topic id: 272
INFO  [uxrce_dds_client] successfully created rt/fmu/out/vehicle_gps_position data writer, topic id: 274
INFO  [uxrce_dds_client] successfully created rt/fmu/out/vehicle_local_position_v1 data writer, topic id: 278
INFO  [uxrce_dds_client] successfully created rt/fmu/out/vehicle_odometry data writer, topic id: 283
INFO  [uxrce_dds_client] successfully created rt/fmu/out/vehicle_status_v1 data writer, topic id: 288
INFO  [uxrce_dds_client] successfully created rt/fmu/out/airspeed_validated_v1 data writer, topic id: 13
INFO  [uxrce_dds_client] successfully created rt/fmu/out/vtol_vehicle_status data writer, topic id: 297
INFO  [uxrce_dds_client] successfully created rt/fmu/out/home_position_v1 data writer, topic id: 128
INFO  [uxrce_dds_client] successfully created rt/fmu/out/wind data writer, topic id: 299
INFO  [uxrce_dds_client] successfully created rt/fmu/out/gimbal_device_attitude_status data writer, topic id: 110
ERROR [mavlink] vehicle_command_ack lost, generation 39 -> 61
ERROR [mavlink] vehicle_command_ack lost, generation 39 -> 60
ERROR [mavlink] vehicle_command_ack lost, generation 60 -> 62
ERROR [mavlink] vehicle_command_ack lost, generation 39 -> 61
ERROR [mavlink] vehicle_command_ack lost, generation 39 -> 61
ERROR [mavlink] vehicle_command_ack lost, generation 65 -> 85
ERROR [mavlink] vehicle_command_ack lost, generation 65 -> 88
ERROR [mavlink] vehicle_command_ack lost, generation 65 -> 88
ERROR [mavlink] vehicle_command_ack lost, generation 65 -> 88
INFO  [commander] Armed by external command	
INFO  [tone_alarm] arming warning
INFO  [commander] Takeoff detected	
ERROR [sensors] Accel #0 fail:  TIMEOUT!	

PX4 Exiting...
[2Kpxh> make[1]: *** [Makefile:227: px4_sitl] Terminated
ninja: build stopped: interrupted by user.
Exiting NOW.
